2025-04-12 22:25:28.307 | INFO     | extractor.consumer:log:52 - [PAUSE] All threads paused
2025-04-12 22:25:28.311 | INFO     | extractor.consumer:log:52 - [START] Start 5 threads
2025-04-12 22:25:28.312 | INFO     | extractor.producer:produce:19 - [PRODUCING] Start producing data/data_text\MAVEN\perm0\MAVEN_5task_2way_10shot.train.jsonl...
2025-04-12 22:25:28.395 | INFO     | extractor.producer:produce:34 - [PRODUCING] Finished producing data/data_text\MAVEN\perm0\MAVEN_5task_2way_10shot.train.jsonl with 5 lines
2025-04-12 22:25:28.396 | INFO     | extractor.consumer:log:52 - [CLEAR] All results cleared
2025-04-12 22:25:28.398 | INFO     | extractor.consumer:log:52 - [RESUME] All threads resumed
2025-04-12 22:25:28.415 | INFO     | extractor.consumer:log:52 - [CONSUMING] Start consuming.
2025-04-12 22:25:28.775 | INFO     | extractor.consumer:log:52 - [PAUSE] All threads paused
2025-04-12 22:25:28.776 | INFO     | extractor.consumer:log:52 - [PAUSE] All threads paused
2025-04-12 22:25:28.776 | INFO     | extractor.consumer:log:52 - [PAUSE] All threads paused
2025-04-12 22:25:28.777 | INFO     | extractor.consumer:log:52 - [PAUSE] All threads paused
2025-04-12 22:25:28.777 | INFO     | extractor.consumer:log:52 - [PAUSE] All threads paused
2025-04-12 22:25:29.452 | INFO     | extractor.consumer:log:52 - [CONSUMING] Finished consuming.
2025-04-12 22:25:29.460 | INFO     | __main__:run:82 - [SAVE FILE] Processing 280/280 item, remaning 0/280 in 1.15 seconds in data/data_text\MAVEN\perm0\MAVEN_5task_2way_10shot.train.jsonl and saved to output\MAVEN\perm0\MAVEN_5task_2way_10shot.train.jsonl 
2025-04-12 22:25:29.463 | INFO     | extractor.producer:produce:19 - [PRODUCING] Start producing data/data_text\MAVEN\perm0\MAVEN_5task_2way_5shot.train.jsonl...
2025-04-12 22:25:29.943 | INFO     | extractor.producer:produce:34 - [PRODUCING] Finished producing data/data_text\MAVEN\perm0\MAVEN_5task_2way_5shot.train.jsonl with 5 lines
2025-04-12 22:25:29.945 | INFO     | extractor.consumer:log:52 - [CLEAR] All results cleared
2025-04-12 22:25:29.947 | INFO     | extractor.consumer:log:52 - [RESUME] All threads resumed
2025-04-12 22:25:29.967 | INFO     | extractor.consumer:log:52 - [CONSUMING] Start consuming.
2025-04-12 22:25:30.283 | INFO     | extractor.consumer:log:52 - [PAUSE] All threads paused
2025-04-12 22:25:30.283 | INFO     | extractor.consumer:log:52 - [PAUSE] All threads paused
2025-04-12 22:25:30.283 | INFO     | extractor.consumer:log:52 - [PAUSE] All threads paused
2025-04-12 22:25:30.283 | INFO     | extractor.consumer:log:52 - [PAUSE] All threads paused
2025-04-12 22:25:30.283 | INFO     | extractor.consumer:log:52 - [PAUSE] All threads paused
2025-04-12 22:25:31.007 | INFO     | extractor.consumer:log:52 - [CONSUMING] Finished consuming.
2025-04-12 22:25:31.030 | INFO     | __main__:run:82 - [SAVE FILE] Processing 240/240 item, remaning 0/240 in 1.57 seconds in data/data_text\MAVEN\perm0\MAVEN_5task_2way_5shot.train.jsonl and saved to output\MAVEN\perm0\MAVEN_5task_2way_5shot.train.jsonl 
2025-04-12 22:25:31.031 | INFO     | extractor.producer:produce:19 - [PRODUCING] Start producing data/data_text\MAVEN\perm2\MAVEN_5task_2way_10shot.train.jsonl...
2025-04-12 22:25:31.094 | INFO     | extractor.producer:produce:34 - [PRODUCING] Finished producing data/data_text\MAVEN\perm2\MAVEN_5task_2way_10shot.train.jsonl with 5 lines
2025-04-12 22:25:31.096 | INFO     | extractor.consumer:log:52 - [CLEAR] All results cleared
2025-04-12 22:25:31.097 | INFO     | extractor.consumer:log:52 - [RESUME] All threads resumed
2025-04-12 22:25:31.117 | INFO     | extractor.consumer:log:52 - [CONSUMING] Start consuming.
2025-04-12 22:25:31.444 | INFO     | extractor.consumer:log:52 - [PAUSE] All threads paused
2025-04-12 22:25:31.444 | INFO     | extractor.consumer:log:52 - [PAUSE] All threads paused
2025-04-12 22:25:31.445 | INFO     | extractor.consumer:log:52 - [PAUSE] All threads paused
2025-04-12 22:25:31.445 | INFO     | extractor.consumer:log:52 - [PAUSE] All threads paused
2025-04-12 22:25:31.445 | INFO     | extractor.consumer:log:52 - [PAUSE] All threads paused
2025-04-12 22:25:32.152 | INFO     | extractor.consumer:log:52 - [CONSUMING] Finished consuming.
2025-04-12 22:25:32.172 | INFO     | __main__:run:82 - [SAVE FILE] Processing 280/280 item, remaning 0/280 in 1.14 seconds in data/data_text\MAVEN\perm2\MAVEN_5task_2way_10shot.train.jsonl and saved to output\MAVEN\perm2\MAVEN_5task_2way_10shot.train.jsonl 
2025-04-12 22:25:32.173 | INFO     | extractor.producer:produce:19 - [PRODUCING] Start producing data/data_text\MAVEN\perm2\MAVEN_5task_2way_5shot.train.jsonl...
2025-04-12 22:25:32.204 | INFO     | extractor.producer:produce:34 - [PRODUCING] Finished producing data/data_text\MAVEN\perm2\MAVEN_5task_2way_5shot.train.jsonl with 5 lines
2025-04-12 22:25:32.206 | INFO     | extractor.consumer:log:52 - [CLEAR] All results cleared
2025-04-12 22:25:32.208 | INFO     | extractor.consumer:log:52 - [RESUME] All threads resumed
2025-04-12 22:25:32.225 | INFO     | extractor.consumer:log:52 - [CONSUMING] Start consuming.
2025-04-12 22:25:32.514 | INFO     | extractor.consumer:log:52 - [PAUSE] All threads paused
2025-04-12 22:25:32.514 | INFO     | extractor.consumer:log:52 - [PAUSE] All threads paused
2025-04-12 22:25:32.514 | INFO     | extractor.consumer:log:52 - [PAUSE] All threads paused
2025-04-12 22:25:32.514 | INFO     | extractor.consumer:log:52 - [PAUSE] All threads paused
2025-04-12 22:25:32.529 | INFO     | extractor.consumer:log:52 - [PAUSE] All threads paused
2025-04-12 22:25:33.251 | INFO     | extractor.consumer:log:52 - [CONSUMING] Finished consuming.
2025-04-12 22:25:33.303 | INFO     | __main__:run:82 - [SAVE FILE] Processing 240/240 item, remaning 0/240 in 1.13 seconds in data/data_text\MAVEN\perm2\MAVEN_5task_2way_5shot.train.jsonl and saved to output\MAVEN\perm2\MAVEN_5task_2way_5shot.train.jsonl 
2025-04-12 22:25:33.304 | INFO     | extractor.producer:produce:19 - [PRODUCING] Start producing data/data_text\MAVEN\perm3\MAVEN_5task_2way_10shot.train.jsonl...
2025-04-12 22:25:33.342 | INFO     | extractor.producer:produce:34 - [PRODUCING] Finished producing data/data_text\MAVEN\perm3\MAVEN_5task_2way_10shot.train.jsonl with 5 lines
2025-04-12 22:25:33.344 | INFO     | extractor.consumer:log:52 - [CLEAR] All results cleared
2025-04-12 22:25:33.345 | INFO     | extractor.consumer:log:52 - [RESUME] All threads resumed
2025-04-12 22:25:33.364 | INFO     | extractor.consumer:log:52 - [CONSUMING] Start consuming.
2025-04-12 22:25:33.676 | INFO     | extractor.consumer:log:52 - [PAUSE] All threads paused
2025-04-12 22:25:33.676 | INFO     | extractor.consumer:log:52 - [PAUSE] All threads paused
2025-04-12 22:25:33.676 | INFO     | extractor.consumer:log:52 - [PAUSE] All threads paused
2025-04-12 22:25:33.676 | INFO     | extractor.consumer:log:52 - [PAUSE] All threads paused
2025-04-12 22:25:33.677 | INFO     | extractor.consumer:log:52 - [PAUSE] All threads paused
2025-04-12 22:25:34.395 | INFO     | extractor.consumer:log:52 - [CONSUMING] Finished consuming.
2025-04-12 22:25:34.403 | INFO     | __main__:run:82 - [SAVE FILE] Processing 280/280 item, remaning 0/280 in 1.10 seconds in data/data_text\MAVEN\perm3\MAVEN_5task_2way_10shot.train.jsonl and saved to output\MAVEN\perm3\MAVEN_5task_2way_10shot.train.jsonl 
2025-04-12 22:25:34.404 | INFO     | extractor.producer:produce:19 - [PRODUCING] Start producing data/data_text\MAVEN\perm3\MAVEN_5task_2way_5shot.train.jsonl...
2025-04-12 22:25:34.454 | INFO     | extractor.producer:produce:34 - [PRODUCING] Finished producing data/data_text\MAVEN\perm3\MAVEN_5task_2way_5shot.train.jsonl with 5 lines
2025-04-12 22:25:34.456 | INFO     | extractor.consumer:log:52 - [CLEAR] All results cleared
2025-04-12 22:25:34.457 | INFO     | extractor.consumer:log:52 - [RESUME] All threads resumed
2025-04-12 22:25:34.468 | INFO     | extractor.consumer:log:52 - [CONSUMING] Start consuming.
2025-04-12 22:25:34.783 | INFO     | extractor.consumer:log:52 - [PAUSE] All threads paused
2025-04-12 22:25:34.783 | INFO     | extractor.consumer:log:52 - [PAUSE] All threads paused
2025-04-12 22:25:34.783 | INFO     | extractor.consumer:log:52 - [PAUSE] All threads paused
2025-04-12 22:25:34.783 | INFO     | extractor.consumer:log:52 - [PAUSE] All threads paused
2025-04-12 22:25:34.783 | INFO     | extractor.consumer:log:52 - [PAUSE] All threads paused
2025-04-12 22:25:35.501 | INFO     | extractor.consumer:log:52 - [CONSUMING] Finished consuming.
2025-04-12 22:25:35.507 | INFO     | __main__:run:82 - [SAVE FILE] Processing 240/240 item, remaning 0/240 in 1.10 seconds in data/data_text\MAVEN\perm3\MAVEN_5task_2way_5shot.train.jsonl and saved to output\MAVEN\perm3\MAVEN_5task_2way_5shot.train.jsonl 
2025-04-12 22:25:35.509 | INFO     | extractor.producer:produce:19 - [PRODUCING] Start producing data/data_text\MAVEN\perm4\MAVEN_5task_2way_10shot.train.jsonl...
2025-04-12 22:25:35.555 | INFO     | extractor.producer:produce:34 - [PRODUCING] Finished producing data/data_text\MAVEN\perm4\MAVEN_5task_2way_10shot.train.jsonl with 5 lines
2025-04-12 22:25:35.556 | INFO     | extractor.consumer:log:52 - [CLEAR] All results cleared
2025-04-12 22:25:35.558 | INFO     | extractor.consumer:log:52 - [RESUME] All threads resumed
2025-04-12 22:25:35.573 | INFO     | extractor.consumer:log:52 - [CONSUMING] Start consuming.
2025-04-12 22:25:35.903 | INFO     | extractor.consumer:log:52 - [PAUSE] All threads paused
2025-04-12 22:25:35.903 | INFO     | extractor.consumer:log:52 - [PAUSE] All threads paused
2025-04-12 22:25:35.903 | INFO     | extractor.consumer:log:52 - [PAUSE] All threads paused
2025-04-12 22:25:35.904 | INFO     | extractor.consumer:log:52 - [PAUSE] All threads paused
2025-04-12 22:25:35.904 | INFO     | extractor.consumer:log:52 - [PAUSE] All threads paused
2025-04-12 22:25:36.607 | INFO     | extractor.consumer:log:52 - [CONSUMING] Finished consuming.
2025-04-12 22:25:36.615 | INFO     | __main__:run:82 - [SAVE FILE] Processing 280/280 item, remaning 0/280 in 1.11 seconds in data/data_text\MAVEN\perm4\MAVEN_5task_2way_10shot.train.jsonl and saved to output\MAVEN\perm4\MAVEN_5task_2way_10shot.train.jsonl 
2025-04-12 22:25:36.615 | INFO     | extractor.producer:produce:19 - [PRODUCING] Start producing data/data_text\MAVEN\perm4\MAVEN_5task_2way_5shot.train.jsonl...
2025-04-12 22:25:36.767 | INFO     | extractor.producer:produce:34 - [PRODUCING] Finished producing data/data_text\MAVEN\perm4\MAVEN_5task_2way_5shot.train.jsonl with 5 lines
2025-04-12 22:25:36.768 | INFO     | extractor.consumer:log:52 - [CLEAR] All results cleared
2025-04-12 22:25:36.770 | INFO     | extractor.consumer:log:52 - [RESUME] All threads resumed
2025-04-12 22:25:36.787 | INFO     | extractor.consumer:log:52 - [CONSUMING] Start consuming.
2025-04-12 22:25:37.076 | INFO     | extractor.consumer:log:52 - [PAUSE] All threads paused
2025-04-12 22:25:37.076 | INFO     | extractor.consumer:log:52 - [PAUSE] All threads paused
2025-04-12 22:25:37.076 | INFO     | extractor.consumer:log:52 - [PAUSE] All threads paused
2025-04-12 22:25:37.076 | INFO     | extractor.consumer:log:52 - [PAUSE] All threads paused
2025-04-12 22:25:37.076 | INFO     | extractor.consumer:log:52 - [PAUSE] All threads paused
2025-04-12 22:25:37.836 | INFO     | extractor.consumer:log:52 - [CONSUMING] Finished consuming.
2025-04-12 22:25:37.848 | INFO     | __main__:run:82 - [SAVE FILE] Processing 240/240 item, remaning 0/240 in 1.23 seconds in data/data_text\MAVEN\perm4\MAVEN_5task_2way_5shot.train.jsonl and saved to output\MAVEN\perm4\MAVEN_5task_2way_5shot.train.jsonl 
2025-04-12 22:25:37.853 | INFO     | extractor.producer:produce:19 - [PRODUCING] Start producing data/data_text\MAVEN\MAVEN.test.jsonl...
2025-04-12 22:25:38.189 | INFO     | extractor.producer:produce:34 - [PRODUCING] Finished producing data/data_text\MAVEN\MAVEN.test.jsonl with 8038 lines
2025-04-12 22:25:38.190 | INFO     | extractor.consumer:log:52 - [CLEAR] All results cleared
2025-04-12 22:25:38.191 | INFO     | extractor.consumer:log:52 - [RESUME] All threads resumed
2025-04-12 22:25:38.204 | INFO     | extractor.consumer:log:52 - [CONSUMING] Start consuming.
2025-04-12 22:25:41.396 | ERROR    | extractor.consumer:log:54 - [ERROR at ATTEMPT 1/3] Worker 4 got error: Span for trigger word 'brands.' not found in offsets.
2025-04-12 22:25:41.414 | ERROR    | extractor.consumer:log:54 - [ERROR at ATTEMPT 2/3] Worker 4 got error: Span for trigger word 'brands.' not found in offsets.
2025-04-12 22:25:41.434 | ERROR    | extractor.consumer:log:54 - [ERROR at ATTEMPT 3/3] Worker 4 got error: Span for trigger word 'brands.' not found in offsets.
2025-04-12 22:25:41.448 | ERROR    | extractor.consumer:log:54 - [ERROR] Worker 4 failed to process item: brands.
2025-04-12 22:25:41.729 | ERROR    | extractor.consumer:log:54 - [ERROR at ATTEMPT 1/3] Worker 3 got error: Span for trigger word 'moon...' not found in offsets.
2025-04-12 22:25:41.745 | ERROR    | extractor.consumer:log:54 - [ERROR at ATTEMPT 2/3] Worker 3 got error: Span for trigger word 'moon...' not found in offsets.
2025-04-12 22:25:41.761 | ERROR    | extractor.consumer:log:54 - [ERROR at ATTEMPT 3/3] Worker 3 got error: Span for trigger word 'moon...' not found in offsets.
2025-04-12 22:25:41.774 | ERROR    | extractor.consumer:log:54 - [ERROR] Worker 3 failed to process item: moon...
2025-04-12 22:25:42.466 | ERROR    | extractor.consumer:log:54 - [ERROR at ATTEMPT 1/3] Worker 1 got error: Span for trigger word 'penn.' not found in offsets.
2025-04-12 22:25:42.484 | ERROR    | extractor.consumer:log:54 - [ERROR at ATTEMPT 2/3] Worker 1 got error: Span for trigger word 'penn.' not found in offsets.
2025-04-12 22:25:42.500 | ERROR    | extractor.consumer:log:54 - [ERROR at ATTEMPT 3/3] Worker 1 got error: Span for trigger word 'penn.' not found in offsets.
2025-04-12 22:25:42.516 | ERROR    | extractor.consumer:log:54 - [ERROR] Worker 1 failed to process item: penn.
2025-04-12 22:25:42.756 | ERROR    | extractor.consumer:log:54 - [ERROR at ATTEMPT 1/3] Worker 1 got error: Span for trigger word 'championships.' not found in offsets.
2025-04-12 22:25:42.765 | ERROR    | extractor.consumer:log:54 - [ERROR at ATTEMPT 2/3] Worker 1 got error: Span for trigger word 'championships.' not found in offsets.
2025-04-12 22:25:42.795 | ERROR    | extractor.consumer:log:54 - [ERROR at ATTEMPT 3/3] Worker 1 got error: Span for trigger word 'championships.' not found in offsets.
2025-04-12 22:25:42.809 | ERROR    | extractor.consumer:log:54 - [ERROR] Worker 1 failed to process item: championships.
2025-04-12 22:25:44.287 | INFO     | extractor.consumer:log:52 - [CONSUMING] Finished consuming.
2025-04-12 22:25:44.393 | INFO     | extractor.consumer:log:52 - [PAUSE] All threads paused
2025-04-12 22:25:44.394 | INFO     | extractor.consumer:log:52 - [PAUSE] All threads paused
2025-04-12 22:25:44.394 | INFO     | extractor.consumer:log:52 - [PAUSE] All threads paused
2025-04-12 22:25:44.394 | INFO     | extractor.consumer:log:52 - [PAUSE] All threads paused
2025-04-12 22:25:44.395 | INFO     | extractor.consumer:log:52 - [PAUSE] All threads paused
2025-04-12 22:25:44.605 | INFO     | __main__:run:113 - [FINISHED] Processing 8034/8038 item, remaning 4/8038 in 6.75 seconds
2025-04-12 22:25:44.607 | INFO     | __main__:run:114 - [SAVE FILE] All item saved to output\MAVEN\MAVEN.test.jsonl
