2025-04-12 22:29:28.985 | INFO     | extractor.consumer:log:52 - [PAUSE] All threads paused
2025-04-12 22:29:28.988 | INFO     | extractor.consumer:log:52 - [START] Start 5 threads
2025-04-12 22:29:28.989 | INFO     | extractor.producer:produce:19 - [PRODUCING] Start producing data/data_text\MAVEN\perm0\MAVEN_5task_2way_10shot.train.jsonl...
2025-04-12 22:29:28.995 | INFO     | extractor.producer:produce:34 - [PRODUCING] Finished producing data/data_text\MAVEN\perm0\MAVEN_5task_2way_10shot.train.jsonl with 5 lines
2025-04-12 22:29:28.997 | INFO     | extractor.consumer:log:52 - [CLEAR] All results cleared
2025-04-12 22:29:28.998 | INFO     | extractor.consumer:log:52 - [RESUME] All threads resumed
2025-04-12 22:29:29.019 | INFO     | extractor.consumer:log:52 - [CONSUMING] Start consuming.
2025-04-12 22:29:29.342 | INFO     | extractor.consumer:log:52 - [PAUSE] All threads paused
2025-04-12 22:29:29.342 | INFO     | extractor.consumer:log:52 - [PAUSE] All threads paused
2025-04-12 22:29:29.342 | INFO     | extractor.consumer:log:52 - [PAUSE] All threads paused
2025-04-12 22:29:29.342 | INFO     | extractor.consumer:log:52 - [PAUSE] All threads paused
2025-04-12 22:29:29.342 | INFO     | extractor.consumer:log:52 - [PAUSE] All threads paused
2025-04-12 22:29:30.062 | INFO     | extractor.consumer:log:52 - [CONSUMING] Finished consuming.
2025-04-12 22:29:30.069 | INFO     | __main__:run:82 - [SAVE FILE] Processing 280/280 item, remaning 0/280 in 1.08 seconds in data/data_text\MAVEN\perm0\MAVEN_5task_2way_10shot.train.jsonl and saved to output\MAVEN\perm0\MAVEN_5task_2way_10shot.train.jsonl 
2025-04-12 22:29:30.070 | INFO     | extractor.producer:produce:19 - [PRODUCING] Start producing data/data_text\MAVEN\perm0\MAVEN_5task_2way_5shot.train.jsonl...
2025-04-12 22:29:30.079 | INFO     | extractor.producer:produce:34 - [PRODUCING] Finished producing data/data_text\MAVEN\perm0\MAVEN_5task_2way_5shot.train.jsonl with 5 lines
2025-04-12 22:29:30.080 | INFO     | extractor.consumer:log:52 - [CLEAR] All results cleared
2025-04-12 22:29:30.082 | INFO     | extractor.consumer:log:52 - [RESUME] All threads resumed
2025-04-12 22:29:30.098 | INFO     | extractor.consumer:log:52 - [CONSUMING] Start consuming.
2025-04-12 22:29:30.390 | INFO     | extractor.consumer:log:52 - [PAUSE] All threads paused
2025-04-12 22:29:30.390 | INFO     | extractor.consumer:log:52 - [PAUSE] All threads paused
2025-04-12 22:29:30.390 | INFO     | extractor.consumer:log:52 - [PAUSE] All threads paused
2025-04-12 22:29:30.390 | INFO     | extractor.consumer:log:52 - [PAUSE] All threads paused
2025-04-12 22:29:30.391 | INFO     | extractor.consumer:log:52 - [PAUSE] All threads paused
2025-04-12 22:29:31.133 | INFO     | extractor.consumer:log:52 - [CONSUMING] Finished consuming.
2025-04-12 22:29:31.139 | INFO     | __main__:run:82 - [SAVE FILE] Processing 240/240 item, remaning 0/240 in 1.07 seconds in data/data_text\MAVEN\perm0\MAVEN_5task_2way_5shot.train.jsonl and saved to output\MAVEN\perm0\MAVEN_5task_2way_5shot.train.jsonl 
2025-04-12 22:29:31.143 | INFO     | extractor.producer:produce:19 - [PRODUCING] Start producing data/data_text\MAVEN\perm2\MAVEN_5task_2way_10shot.train.jsonl...
2025-04-12 22:29:31.148 | INFO     | extractor.producer:produce:34 - [PRODUCING] Finished producing data/data_text\MAVEN\perm2\MAVEN_5task_2way_10shot.train.jsonl with 5 lines
2025-04-12 22:29:31.150 | INFO     | extractor.consumer:log:52 - [CLEAR] All results cleared
2025-04-12 22:29:31.151 | INFO     | extractor.consumer:log:52 - [RESUME] All threads resumed
2025-04-12 22:29:31.172 | INFO     | extractor.consumer:log:52 - [CONSUMING] Start consuming.
2025-04-12 22:29:31.480 | INFO     | extractor.consumer:log:52 - [PAUSE] All threads paused
2025-04-12 22:29:31.480 | INFO     | extractor.consumer:log:52 - [PAUSE] All threads paused
2025-04-12 22:29:31.480 | INFO     | extractor.consumer:log:52 - [PAUSE] All threads paused
2025-04-12 22:29:31.496 | INFO     | extractor.consumer:log:52 - [PAUSE] All threads paused
2025-04-12 22:29:31.496 | INFO     | extractor.consumer:log:52 - [PAUSE] All threads paused
2025-04-12 22:29:32.202 | INFO     | extractor.consumer:log:52 - [CONSUMING] Finished consuming.
2025-04-12 22:29:32.210 | INFO     | __main__:run:82 - [SAVE FILE] Processing 280/280 item, remaning 0/280 in 1.07 seconds in data/data_text\MAVEN\perm2\MAVEN_5task_2way_10shot.train.jsonl and saved to output\MAVEN\perm2\MAVEN_5task_2way_10shot.train.jsonl 
2025-04-12 22:29:32.211 | INFO     | extractor.producer:produce:19 - [PRODUCING] Start producing data/data_text\MAVEN\perm2\MAVEN_5task_2way_5shot.train.jsonl...
2025-04-12 22:29:32.217 | INFO     | extractor.producer:produce:34 - [PRODUCING] Finished producing data/data_text\MAVEN\perm2\MAVEN_5task_2way_5shot.train.jsonl with 5 lines
2025-04-12 22:29:32.218 | INFO     | extractor.consumer:log:52 - [CLEAR] All results cleared
2025-04-12 22:29:32.220 | INFO     | extractor.consumer:log:52 - [RESUME] All threads resumed
2025-04-12 22:29:32.247 | INFO     | extractor.consumer:log:52 - [CONSUMING] Start consuming.
2025-04-12 22:29:32.564 | INFO     | extractor.consumer:log:52 - [PAUSE] All threads paused
2025-04-12 22:29:32.564 | INFO     | extractor.consumer:log:52 - [PAUSE] All threads paused
2025-04-12 22:29:32.564 | INFO     | extractor.consumer:log:52 - [PAUSE] All threads paused
2025-04-12 22:29:32.564 | INFO     | extractor.consumer:log:52 - [PAUSE] All threads paused
2025-04-12 22:29:32.580 | INFO     | extractor.consumer:log:52 - [PAUSE] All threads paused
2025-04-12 22:29:33.286 | INFO     | extractor.consumer:log:52 - [CONSUMING] Finished consuming.
2025-04-12 22:29:33.293 | INFO     | __main__:run:82 - [SAVE FILE] Processing 240/240 item, remaning 0/240 in 1.08 seconds in data/data_text\MAVEN\perm2\MAVEN_5task_2way_5shot.train.jsonl and saved to output\MAVEN\perm2\MAVEN_5task_2way_5shot.train.jsonl 
2025-04-12 22:29:33.295 | INFO     | extractor.producer:produce:19 - [PRODUCING] Start producing data/data_text\MAVEN\perm3\MAVEN_5task_2way_10shot.train.jsonl...
2025-04-12 22:29:33.301 | INFO     | extractor.producer:produce:34 - [PRODUCING] Finished producing data/data_text\MAVEN\perm3\MAVEN_5task_2way_10shot.train.jsonl with 5 lines
2025-04-12 22:29:33.303 | INFO     | extractor.consumer:log:52 - [CLEAR] All results cleared
2025-04-12 22:29:33.304 | INFO     | extractor.consumer:log:52 - [RESUME] All threads resumed
2025-04-12 22:29:33.320 | INFO     | extractor.consumer:log:52 - [CONSUMING] Start consuming.
2025-04-12 22:29:33.711 | INFO     | extractor.consumer:log:52 - [PAUSE] All threads paused
2025-04-12 22:29:33.711 | INFO     | extractor.consumer:log:52 - [PAUSE] All threads paused
2025-04-12 22:29:33.711 | INFO     | extractor.consumer:log:52 - [PAUSE] All threads paused
2025-04-12 22:29:33.711 | INFO     | extractor.consumer:log:52 - [PAUSE] All threads paused
2025-04-12 22:29:33.712 | INFO     | extractor.consumer:log:52 - [PAUSE] All threads paused
2025-04-12 22:29:34.342 | INFO     | extractor.consumer:log:52 - [CONSUMING] Finished consuming.
2025-04-12 22:29:34.349 | INFO     | __main__:run:82 - [SAVE FILE] Processing 280/280 item, remaning 0/280 in 1.05 seconds in data/data_text\MAVEN\perm3\MAVEN_5task_2way_10shot.train.jsonl and saved to output\MAVEN\perm3\MAVEN_5task_2way_10shot.train.jsonl 
2025-04-12 22:29:34.350 | INFO     | extractor.producer:produce:19 - [PRODUCING] Start producing data/data_text\MAVEN\perm3\MAVEN_5task_2way_5shot.train.jsonl...
2025-04-12 22:29:34.356 | INFO     | extractor.producer:produce:34 - [PRODUCING] Finished producing data/data_text\MAVEN\perm3\MAVEN_5task_2way_5shot.train.jsonl with 5 lines
2025-04-12 22:29:34.359 | INFO     | extractor.consumer:log:52 - [CLEAR] All results cleared
2025-04-12 22:29:34.360 | INFO     | extractor.consumer:log:52 - [RESUME] All threads resumed
2025-04-12 22:29:34.377 | INFO     | extractor.consumer:log:52 - [CONSUMING] Start consuming.
2025-04-12 22:29:34.673 | INFO     | extractor.consumer:log:52 - [PAUSE] All threads paused
2025-04-12 22:29:34.673 | INFO     | extractor.consumer:log:52 - [PAUSE] All threads paused
2025-04-12 22:29:34.674 | INFO     | extractor.consumer:log:52 - [PAUSE] All threads paused
2025-04-12 22:29:34.674 | INFO     | extractor.consumer:log:52 - [PAUSE] All threads paused
2025-04-12 22:29:34.674 | INFO     | extractor.consumer:log:52 - [PAUSE] All threads paused
2025-04-12 22:29:35.402 | INFO     | extractor.consumer:log:52 - [CONSUMING] Finished consuming.
2025-04-12 22:29:35.410 | INFO     | __main__:run:82 - [SAVE FILE] Processing 240/240 item, remaning 0/240 in 1.06 seconds in data/data_text\MAVEN\perm3\MAVEN_5task_2way_5shot.train.jsonl and saved to output\MAVEN\perm3\MAVEN_5task_2way_5shot.train.jsonl 
2025-04-12 22:29:35.412 | INFO     | extractor.producer:produce:19 - [PRODUCING] Start producing data/data_text\MAVEN\perm4\MAVEN_5task_2way_10shot.train.jsonl...
2025-04-12 22:29:35.417 | INFO     | extractor.producer:produce:34 - [PRODUCING] Finished producing data/data_text\MAVEN\perm4\MAVEN_5task_2way_10shot.train.jsonl with 5 lines
2025-04-12 22:29:35.420 | INFO     | extractor.consumer:log:52 - [CLEAR] All results cleared
2025-04-12 22:29:35.421 | INFO     | extractor.consumer:log:52 - [RESUME] All threads resumed
2025-04-12 22:29:35.441 | INFO     | extractor.consumer:log:52 - [CONSUMING] Start consuming.
2025-04-12 22:29:35.763 | INFO     | extractor.consumer:log:52 - [PAUSE] All threads paused
2025-04-12 22:29:35.763 | INFO     | extractor.consumer:log:52 - [PAUSE] All threads paused
2025-04-12 22:29:35.763 | INFO     | extractor.consumer:log:52 - [PAUSE] All threads paused
2025-04-12 22:29:35.763 | INFO     | extractor.consumer:log:52 - [PAUSE] All threads paused
2025-04-12 22:29:35.763 | INFO     | extractor.consumer:log:52 - [PAUSE] All threads paused
2025-04-12 22:29:36.475 | INFO     | extractor.consumer:log:52 - [CONSUMING] Finished consuming.
2025-04-12 22:29:36.482 | INFO     | __main__:run:82 - [SAVE FILE] Processing 280/280 item, remaning 0/280 in 1.07 seconds in data/data_text\MAVEN\perm4\MAVEN_5task_2way_10shot.train.jsonl and saved to output\MAVEN\perm4\MAVEN_5task_2way_10shot.train.jsonl 
2025-04-12 22:29:36.483 | INFO     | extractor.producer:produce:19 - [PRODUCING] Start producing data/data_text\MAVEN\perm4\MAVEN_5task_2way_5shot.train.jsonl...
2025-04-12 22:29:36.588 | INFO     | extractor.producer:produce:34 - [PRODUCING] Finished producing data/data_text\MAVEN\perm4\MAVEN_5task_2way_5shot.train.jsonl with 5 lines
2025-04-12 22:29:36.590 | INFO     | extractor.consumer:log:52 - [CLEAR] All results cleared
2025-04-12 22:29:36.591 | INFO     | extractor.consumer:log:52 - [RESUME] All threads resumed
2025-04-12 22:29:36.603 | INFO     | extractor.consumer:log:52 - [CONSUMING] Start consuming.
2025-04-12 22:29:36.883 | INFO     | extractor.consumer:log:52 - [PAUSE] All threads paused
2025-04-12 22:29:36.883 | INFO     | extractor.consumer:log:52 - [PAUSE] All threads paused
2025-04-12 22:29:36.883 | INFO     | extractor.consumer:log:52 - [PAUSE] All threads paused
2025-04-12 22:29:36.883 | INFO     | extractor.consumer:log:52 - [PAUSE] All threads paused
2025-04-12 22:29:36.883 | INFO     | extractor.consumer:log:52 - [PAUSE] All threads paused
2025-04-12 22:29:37.628 | INFO     | extractor.consumer:log:52 - [CONSUMING] Finished consuming.
2025-04-12 22:29:37.638 | INFO     | __main__:run:82 - [SAVE FILE] Processing 240/240 item, remaning 0/240 in 1.15 seconds in data/data_text\MAVEN\perm4\MAVEN_5task_2way_5shot.train.jsonl and saved to output\MAVEN\perm4\MAVEN_5task_2way_5shot.train.jsonl 
2025-04-12 22:29:37.646 | INFO     | extractor.producer:produce:19 - [PRODUCING] Start producing data/data_text\MAVEN\MAVEN.test.jsonl...
2025-04-12 22:29:37.920 | INFO     | extractor.producer:produce:34 - [PRODUCING] Finished producing data/data_text\MAVEN\MAVEN.test.jsonl with 8038 lines
2025-04-12 22:29:37.922 | INFO     | extractor.consumer:log:52 - [CLEAR] All results cleared
2025-04-12 22:29:37.923 | INFO     | extractor.consumer:log:52 - [RESUME] All threads resumed
2025-04-12 22:29:37.946 | INFO     | extractor.consumer:log:52 - [CONSUMING] Start consuming.
2025-04-12 22:29:41.222 | ERROR    | extractor.consumer:log:54 - [ERROR at ATTEMPT 1/3] Worker 0 got error: Span for trigger word 'brands.' not found in offsets.
2025-04-12 22:29:41.239 | ERROR    | extractor.consumer:log:54 - [ERROR at ATTEMPT 2/3] Worker 0 got error: Span for trigger word 'brands.' not found in offsets.
2025-04-12 22:29:41.269 | ERROR    | extractor.consumer:log:54 - [ERROR at ATTEMPT 3/3] Worker 0 got error: Span for trigger word 'brands.' not found in offsets.
2025-04-12 22:29:41.287 | ERROR    | extractor.consumer:log:54 - [ERROR] Worker 0 failed to process item: brands.
2025-04-12 22:29:41.582 | ERROR    | extractor.consumer:log:54 - [ERROR at ATTEMPT 1/3] Worker 3 got error: Span for trigger word 'moon...' not found in offsets.
2025-04-12 22:29:41.603 | ERROR    | extractor.consumer:log:54 - [ERROR at ATTEMPT 2/3] Worker 3 got error: Span for trigger word 'moon...' not found in offsets.
2025-04-12 22:29:41.626 | ERROR    | extractor.consumer:log:54 - [ERROR at ATTEMPT 3/3] Worker 3 got error: Span for trigger word 'moon...' not found in offsets.
2025-04-12 22:29:41.637 | ERROR    | extractor.consumer:log:54 - [ERROR] Worker 3 failed to process item: moon...
2025-04-12 22:29:42.431 | ERROR    | extractor.consumer:log:54 - [ERROR at ATTEMPT 1/3] Worker 0 got error: Span for trigger word 'penn.' not found in offsets.
2025-04-12 22:29:42.454 | ERROR    | extractor.consumer:log:54 - [ERROR at ATTEMPT 2/3] Worker 0 got error: Span for trigger word 'penn.' not found in offsets.
2025-04-12 22:29:42.478 | ERROR    | extractor.consumer:log:54 - [ERROR at ATTEMPT 3/3] Worker 0 got error: Span for trigger word 'penn.' not found in offsets.
2025-04-12 22:29:42.496 | ERROR    | extractor.consumer:log:54 - [ERROR] Worker 0 failed to process item: penn.
2025-04-12 22:29:42.749 | ERROR    | extractor.consumer:log:54 - [ERROR at ATTEMPT 1/3] Worker 3 got error: Span for trigger word 'championships.' not found in offsets.
2025-04-12 22:29:42.789 | ERROR    | extractor.consumer:log:54 - [ERROR at ATTEMPT 2/3] Worker 3 got error: Span for trigger word 'championships.' not found in offsets.
2025-04-12 22:29:42.814 | ERROR    | extractor.consumer:log:54 - [ERROR at ATTEMPT 3/3] Worker 3 got error: Span for trigger word 'championships.' not found in offsets.
2025-04-12 22:29:42.856 | ERROR    | extractor.consumer:log:54 - [ERROR] Worker 3 failed to process item: championships.
2025-04-12 22:29:44.404 | INFO     | extractor.consumer:log:52 - [PAUSE] All threads paused
2025-04-12 22:29:44.404 | INFO     | extractor.consumer:log:52 - [PAUSE] All threads paused
2025-04-12 22:29:44.404 | INFO     | extractor.consumer:log:52 - [PAUSE] All threads paused
2025-04-12 22:29:44.404 | INFO     | extractor.consumer:log:52 - [PAUSE] All threads paused
2025-04-12 22:29:44.404 | INFO     | extractor.consumer:log:52 - [PAUSE] All threads paused
2025-04-12 22:29:45.028 | INFO     | extractor.consumer:log:52 - [CONSUMING] Finished consuming.
2025-04-12 22:29:45.309 | INFO     | __main__:run:113 - [FINISHED] Processing 8034/8038 item, remaning 4/8038 in 7.66 seconds
2025-04-12 22:29:45.310 | INFO     | __main__:run:114 - [SAVE FILE] All item saved to output\MAVEN\MAVEN.test.jsonl
2025-04-12 22:29:45.311 | INFO     | extractor.consumer:log:52 - [RESUME] All threads resumed
2025-04-12 22:29:45.421 | INFO     | extractor.consumer:log:52 - [PAUSE] All threads paused
2025-04-12 22:29:45.421 | INFO     | extractor.consumer:log:52 - [PAUSE] All threads paused
2025-04-12 22:29:45.421 | INFO     | extractor.consumer:log:52 - [PAUSE] All threads paused
2025-04-12 22:29:45.421 | INFO     | extractor.consumer:log:52 - [PAUSE] All threads paused
2025-04-12 22:29:45.422 | INFO     | extractor.consumer:log:52 - [PAUSE] All threads paused
2025-04-12 22:29:45.425 | INFO     | extractor.consumer:log:52 - [STOP] All threads stopped
2025-04-12 22:29:45.425 | INFO     | __main__:run:117 - [FINISHED] All items processed and saved to output
