2025-04-12 22:27:17.658 | INFO     | extractor.consumer:log:52 - [PAUSE] All threads paused
2025-04-12 22:27:17.662 | INFO     | extractor.consumer:log:52 - [START] Start 5 threads
2025-04-12 22:27:17.663 | INFO     | extractor.producer:produce:19 - [PRODUCING] Start producing data/data_text\MAVEN\perm0\MAVEN_5task_2way_10shot.train.jsonl...
2025-04-12 22:27:17.669 | INFO     | extractor.producer:produce:34 - [PRODUCING] Finished producing data/data_text\MAVEN\perm0\MAVEN_5task_2way_10shot.train.jsonl with 5 lines
2025-04-12 22:27:17.671 | INFO     | extractor.consumer:log:52 - [CLEAR] All results cleared
2025-04-12 22:27:17.672 | INFO     | extractor.consumer:log:52 - [RESUME] All threads resumed
2025-04-12 22:27:17.778 | INFO     | extractor.consumer:log:52 - [CONSUMING] Start consuming.
2025-04-12 22:27:18.049 | INFO     | extractor.consumer:log:52 - [PAUSE] All threads paused
2025-04-12 22:27:18.049 | INFO     | extractor.consumer:log:52 - [PAUSE] All threads paused
2025-04-12 22:27:18.050 | INFO     | extractor.consumer:log:52 - [PAUSE] All threads paused
2025-04-12 22:27:18.050 | INFO     | extractor.consumer:log:52 - [PAUSE] All threads paused
2025-04-12 22:27:18.050 | INFO     | extractor.consumer:log:52 - [PAUSE] All threads paused
2025-04-12 22:27:18.839 | INFO     | extractor.consumer:log:52 - [CONSUMING] Finished consuming.
2025-04-12 22:27:18.845 | INFO     | __main__:run:82 - [SAVE FILE] Processing 280/280 item, remaning 0/280 in 1.18 seconds in data/data_text\MAVEN\perm0\MAVEN_5task_2way_10shot.train.jsonl and saved to output\MAVEN\perm0\MAVEN_5task_2way_10shot.train.jsonl 
2025-04-12 22:27:18.846 | INFO     | extractor.producer:produce:19 - [PRODUCING] Start producing data/data_text\MAVEN\perm0\MAVEN_5task_2way_5shot.train.jsonl...
2025-04-12 22:27:18.852 | INFO     | extractor.producer:produce:34 - [PRODUCING] Finished producing data/data_text\MAVEN\perm0\MAVEN_5task_2way_5shot.train.jsonl with 5 lines
2025-04-12 22:27:18.857 | INFO     | extractor.consumer:log:52 - [CLEAR] All results cleared
2025-04-12 22:27:18.858 | INFO     | extractor.consumer:log:52 - [RESUME] All threads resumed
2025-04-12 22:27:18.885 | INFO     | extractor.consumer:log:52 - [CONSUMING] Start consuming.
2025-04-12 22:27:19.170 | INFO     | extractor.consumer:log:52 - [PAUSE] All threads paused
2025-04-12 22:27:19.170 | INFO     | extractor.consumer:log:52 - [PAUSE] All threads paused
2025-04-12 22:27:19.170 | INFO     | extractor.consumer:log:52 - [PAUSE] All threads paused
2025-04-12 22:27:19.171 | INFO     | extractor.consumer:log:52 - [PAUSE] All threads paused
2025-04-12 22:27:19.171 | INFO     | extractor.consumer:log:52 - [PAUSE] All threads paused
2025-04-12 22:27:19.910 | INFO     | extractor.consumer:log:52 - [CONSUMING] Finished consuming.
2025-04-12 22:27:19.916 | INFO     | __main__:run:82 - [SAVE FILE] Processing 240/240 item, remaning 0/240 in 1.07 seconds in data/data_text\MAVEN\perm0\MAVEN_5task_2way_5shot.train.jsonl and saved to output\MAVEN\perm0\MAVEN_5task_2way_5shot.train.jsonl 
2025-04-12 22:27:19.918 | INFO     | extractor.producer:produce:19 - [PRODUCING] Start producing data/data_text\MAVEN\perm2\MAVEN_5task_2way_10shot.train.jsonl...
2025-04-12 22:27:19.923 | INFO     | extractor.producer:produce:34 - [PRODUCING] Finished producing data/data_text\MAVEN\perm2\MAVEN_5task_2way_10shot.train.jsonl with 5 lines
2025-04-12 22:27:19.924 | INFO     | extractor.consumer:log:52 - [CLEAR] All results cleared
2025-04-12 22:27:19.926 | INFO     | extractor.consumer:log:52 - [RESUME] All threads resumed
2025-04-12 22:27:19.949 | INFO     | extractor.consumer:log:52 - [CONSUMING] Start consuming.
2025-04-12 22:27:20.259 | INFO     | extractor.consumer:log:52 - [PAUSE] All threads paused
2025-04-12 22:27:20.259 | INFO     | extractor.consumer:log:52 - [PAUSE] All threads paused
2025-04-12 22:27:20.259 | INFO     | extractor.consumer:log:52 - [PAUSE] All threads paused
2025-04-12 22:27:20.260 | INFO     | extractor.consumer:log:52 - [PAUSE] All threads paused
2025-04-12 22:27:20.260 | INFO     | extractor.consumer:log:52 - [PAUSE] All threads paused
2025-04-12 22:27:20.984 | INFO     | extractor.consumer:log:52 - [CONSUMING] Finished consuming.
2025-04-12 22:27:20.990 | INFO     | __main__:run:82 - [SAVE FILE] Processing 280/280 item, remaning 0/280 in 1.07 seconds in data/data_text\MAVEN\perm2\MAVEN_5task_2way_10shot.train.jsonl and saved to output\MAVEN\perm2\MAVEN_5task_2way_10shot.train.jsonl 
2025-04-12 22:27:20.992 | INFO     | extractor.producer:produce:19 - [PRODUCING] Start producing data/data_text\MAVEN\perm2\MAVEN_5task_2way_5shot.train.jsonl...
2025-04-12 22:27:20.999 | INFO     | extractor.producer:produce:34 - [PRODUCING] Finished producing data/data_text\MAVEN\perm2\MAVEN_5task_2way_5shot.train.jsonl with 5 lines
2025-04-12 22:27:21.001 | INFO     | extractor.consumer:log:52 - [CLEAR] All results cleared
2025-04-12 22:27:21.002 | INFO     | extractor.consumer:log:52 - [RESUME] All threads resumed
2025-04-12 22:27:21.024 | INFO     | extractor.consumer:log:52 - [CONSUMING] Start consuming.
2025-04-12 22:27:21.311 | INFO     | extractor.consumer:log:52 - [PAUSE] All threads paused
2025-04-12 22:27:21.311 | INFO     | extractor.consumer:log:52 - [PAUSE] All threads paused
2025-04-12 22:27:21.311 | INFO     | extractor.consumer:log:52 - [PAUSE] All threads paused
2025-04-12 22:27:21.311 | INFO     | extractor.consumer:log:52 - [PAUSE] All threads paused
2025-04-12 22:27:21.312 | INFO     | extractor.consumer:log:52 - [PAUSE] All threads paused
2025-04-12 22:27:22.061 | INFO     | extractor.consumer:log:52 - [CONSUMING] Finished consuming.
2025-04-12 22:27:22.067 | INFO     | __main__:run:82 - [SAVE FILE] Processing 240/240 item, remaning 0/240 in 1.08 seconds in data/data_text\MAVEN\perm2\MAVEN_5task_2way_5shot.train.jsonl and saved to output\MAVEN\perm2\MAVEN_5task_2way_5shot.train.jsonl 
2025-04-12 22:27:22.068 | INFO     | extractor.producer:produce:19 - [PRODUCING] Start producing data/data_text\MAVEN\perm3\MAVEN_5task_2way_10shot.train.jsonl...
2025-04-12 22:27:22.074 | INFO     | extractor.producer:produce:34 - [PRODUCING] Finished producing data/data_text\MAVEN\perm3\MAVEN_5task_2way_10shot.train.jsonl with 5 lines
2025-04-12 22:27:22.076 | INFO     | extractor.consumer:log:52 - [CLEAR] All results cleared
2025-04-12 22:27:22.077 | INFO     | extractor.consumer:log:52 - [RESUME] All threads resumed
2025-04-12 22:27:22.092 | INFO     | extractor.consumer:log:52 - [CONSUMING] Start consuming.
2025-04-12 22:27:22.438 | INFO     | extractor.consumer:log:52 - [PAUSE] All threads paused
2025-04-12 22:27:22.438 | INFO     | extractor.consumer:log:52 - [PAUSE] All threads paused
2025-04-12 22:27:22.438 | INFO     | extractor.consumer:log:52 - [PAUSE] All threads paused
2025-04-12 22:27:22.438 | INFO     | extractor.consumer:log:52 - [PAUSE] All threads paused
2025-04-12 22:27:22.454 | INFO     | extractor.consumer:log:52 - [PAUSE] All threads paused
2025-04-12 22:27:23.115 | INFO     | extractor.consumer:log:52 - [CONSUMING] Finished consuming.
2025-04-12 22:27:23.122 | INFO     | __main__:run:82 - [SAVE FILE] Processing 280/280 item, remaning 0/280 in 1.05 seconds in data/data_text\MAVEN\perm3\MAVEN_5task_2way_10shot.train.jsonl and saved to output\MAVEN\perm3\MAVEN_5task_2way_10shot.train.jsonl 
2025-04-12 22:27:23.123 | INFO     | extractor.producer:produce:19 - [PRODUCING] Start producing data/data_text\MAVEN\perm3\MAVEN_5task_2way_5shot.train.jsonl...
2025-04-12 22:27:23.130 | INFO     | extractor.producer:produce:34 - [PRODUCING] Finished producing data/data_text\MAVEN\perm3\MAVEN_5task_2way_5shot.train.jsonl with 5 lines
2025-04-12 22:27:23.132 | INFO     | extractor.consumer:log:52 - [CLEAR] All results cleared
2025-04-12 22:27:23.134 | INFO     | extractor.consumer:log:52 - [RESUME] All threads resumed
2025-04-12 22:27:23.145 | INFO     | extractor.consumer:log:52 - [CONSUMING] Start consuming.
2025-04-12 22:27:23.441 | INFO     | extractor.consumer:log:52 - [PAUSE] All threads paused
2025-04-12 22:27:23.442 | INFO     | extractor.consumer:log:52 - [PAUSE] All threads paused
2025-04-12 22:27:23.442 | INFO     | extractor.consumer:log:52 - [PAUSE] All threads paused
2025-04-12 22:27:23.442 | INFO     | extractor.consumer:log:52 - [PAUSE] All threads paused
2025-04-12 22:27:23.444 | INFO     | extractor.consumer:log:52 - [PAUSE] All threads paused
2025-04-12 22:27:24.173 | INFO     | extractor.consumer:log:52 - [CONSUMING] Finished consuming.
2025-04-12 22:27:24.180 | INFO     | __main__:run:82 - [SAVE FILE] Processing 240/240 item, remaning 0/240 in 1.06 seconds in data/data_text\MAVEN\perm3\MAVEN_5task_2way_5shot.train.jsonl and saved to output\MAVEN\perm3\MAVEN_5task_2way_5shot.train.jsonl 
2025-04-12 22:27:24.182 | INFO     | extractor.producer:produce:19 - [PRODUCING] Start producing data/data_text\MAVEN\perm4\MAVEN_5task_2way_10shot.train.jsonl...
2025-04-12 22:27:24.187 | INFO     | extractor.producer:produce:34 - [PRODUCING] Finished producing data/data_text\MAVEN\perm4\MAVEN_5task_2way_10shot.train.jsonl with 5 lines
2025-04-12 22:27:24.189 | INFO     | extractor.consumer:log:52 - [CLEAR] All results cleared
2025-04-12 22:27:24.191 | INFO     | extractor.consumer:log:52 - [RESUME] All threads resumed
2025-04-12 22:27:24.207 | INFO     | extractor.consumer:log:52 - [CONSUMING] Start consuming.
2025-04-12 22:27:24.536 | INFO     | extractor.consumer:log:52 - [PAUSE] All threads paused
2025-04-12 22:27:24.537 | INFO     | extractor.consumer:log:52 - [PAUSE] All threads paused
2025-04-12 22:27:24.537 | INFO     | extractor.consumer:log:52 - [PAUSE] All threads paused
2025-04-12 22:27:24.538 | INFO     | extractor.consumer:log:52 - [PAUSE] All threads paused
2025-04-12 22:27:24.538 | INFO     | extractor.consumer:log:52 - [PAUSE] All threads paused
2025-04-12 22:27:25.237 | INFO     | extractor.consumer:log:52 - [CONSUMING] Finished consuming.
2025-04-12 22:27:25.245 | INFO     | __main__:run:82 - [SAVE FILE] Processing 280/280 item, remaning 0/280 in 1.06 seconds in data/data_text\MAVEN\perm4\MAVEN_5task_2way_10shot.train.jsonl and saved to output\MAVEN\perm4\MAVEN_5task_2way_10shot.train.jsonl 
2025-04-12 22:27:25.246 | INFO     | extractor.producer:produce:19 - [PRODUCING] Start producing data/data_text\MAVEN\perm4\MAVEN_5task_2way_5shot.train.jsonl...
2025-04-12 22:27:25.342 | INFO     | extractor.producer:produce:34 - [PRODUCING] Finished producing data/data_text\MAVEN\perm4\MAVEN_5task_2way_5shot.train.jsonl with 5 lines
2025-04-12 22:27:25.344 | INFO     | extractor.consumer:log:52 - [CLEAR] All results cleared
2025-04-12 22:27:25.345 | INFO     | extractor.consumer:log:52 - [RESUME] All threads resumed
2025-04-12 22:27:25.357 | INFO     | extractor.consumer:log:52 - [CONSUMING] Start consuming.
2025-04-12 22:27:25.645 | INFO     | extractor.consumer:log:52 - [PAUSE] All threads paused
2025-04-12 22:27:25.645 | INFO     | extractor.consumer:log:52 - [PAUSE] All threads paused
2025-04-12 22:27:25.661 | INFO     | extractor.consumer:log:52 - [PAUSE] All threads paused
2025-04-12 22:27:25.661 | INFO     | extractor.consumer:log:52 - [PAUSE] All threads paused
2025-04-12 22:27:25.661 | INFO     | extractor.consumer:log:52 - [PAUSE] All threads paused
2025-04-12 22:27:26.384 | INFO     | extractor.consumer:log:52 - [CONSUMING] Finished consuming.
2025-04-12 22:27:26.391 | INFO     | __main__:run:82 - [SAVE FILE] Processing 240/240 item, remaning 0/240 in 1.15 seconds in data/data_text\MAVEN\perm4\MAVEN_5task_2way_5shot.train.jsonl and saved to output\MAVEN\perm4\MAVEN_5task_2way_5shot.train.jsonl 
2025-04-12 22:27:26.394 | INFO     | extractor.producer:produce:19 - [PRODUCING] Start producing data/data_text\MAVEN\MAVEN.test.jsonl...
2025-04-12 22:27:26.651 | INFO     | extractor.producer:produce:34 - [PRODUCING] Finished producing data/data_text\MAVEN\MAVEN.test.jsonl with 8038 lines
2025-04-12 22:27:26.653 | INFO     | extractor.consumer:log:52 - [CLEAR] All results cleared
2025-04-12 22:27:26.654 | INFO     | extractor.consumer:log:52 - [RESUME] All threads resumed
2025-04-12 22:27:26.674 | INFO     | extractor.consumer:log:52 - [CONSUMING] Start consuming.
2025-04-12 22:27:30.212 | ERROR    | extractor.consumer:log:54 - [ERROR at ATTEMPT 1/3] Worker 4 got error: Span for trigger word 'brands.' not found in offsets.
2025-04-12 22:27:30.229 | ERROR    | extractor.consumer:log:54 - [ERROR at ATTEMPT 2/3] Worker 4 got error: Span for trigger word 'brands.' not found in offsets.
2025-04-12 22:27:30.250 | ERROR    | extractor.consumer:log:54 - [ERROR at ATTEMPT 3/3] Worker 4 got error: Span for trigger word 'brands.' not found in offsets.
2025-04-12 22:27:30.274 | ERROR    | extractor.consumer:log:54 - [ERROR] Worker 4 failed to process item: brands.
2025-04-12 22:27:30.584 | ERROR    | extractor.consumer:log:54 - [ERROR at ATTEMPT 1/3] Worker 2 got error: Span for trigger word 'moon...' not found in offsets.
2025-04-12 22:27:30.603 | ERROR    | extractor.consumer:log:54 - [ERROR at ATTEMPT 2/3] Worker 2 got error: Span for trigger word 'moon...' not found in offsets.
2025-04-12 22:27:30.627 | ERROR    | extractor.consumer:log:54 - [ERROR at ATTEMPT 3/3] Worker 2 got error: Span for trigger word 'moon...' not found in offsets.
2025-04-12 22:27:30.644 | ERROR    | extractor.consumer:log:54 - [ERROR] Worker 2 failed to process item: moon...
2025-04-12 22:27:31.409 | ERROR    | extractor.consumer:log:54 - [ERROR at ATTEMPT 1/3] Worker 3 got error: Span for trigger word 'penn.' not found in offsets.
2025-04-12 22:27:31.434 | ERROR    | extractor.consumer:log:54 - [ERROR at ATTEMPT 2/3] Worker 3 got error: Span for trigger word 'penn.' not found in offsets.
2025-04-12 22:27:31.451 | ERROR    | extractor.consumer:log:54 - [ERROR at ATTEMPT 3/3] Worker 3 got error: Span for trigger word 'penn.' not found in offsets.
2025-04-12 22:27:31.466 | ERROR    | extractor.consumer:log:54 - [ERROR] Worker 3 failed to process item: penn.
2025-04-12 22:27:31.721 | ERROR    | extractor.consumer:log:54 - [ERROR at ATTEMPT 1/3] Worker 0 got error: Span for trigger word 'championships.' not found in offsets.
2025-04-12 22:27:31.737 | ERROR    | extractor.consumer:log:54 - [ERROR at ATTEMPT 2/3] Worker 0 got error: Span for trigger word 'championships.' not found in offsets.
2025-04-12 22:27:31.760 | ERROR    | extractor.consumer:log:54 - [ERROR at ATTEMPT 3/3] Worker 0 got error: Span for trigger word 'championships.' not found in offsets.
2025-04-12 22:27:31.776 | ERROR    | extractor.consumer:log:54 - [ERROR] Worker 0 failed to process item: championships.
2025-04-12 22:27:33.409 | INFO     | extractor.consumer:log:52 - [PAUSE] All threads paused
2025-04-12 22:27:33.409 | INFO     | extractor.consumer:log:52 - [PAUSE] All threads paused
2025-04-12 22:27:33.409 | INFO     | extractor.consumer:log:52 - [PAUSE] All threads paused
2025-04-12 22:27:33.410 | INFO     | extractor.consumer:log:52 - [PAUSE] All threads paused
2025-04-12 22:27:33.410 | INFO     | extractor.consumer:log:52 - [PAUSE] All threads paused
2025-04-12 22:27:33.789 | INFO     | extractor.consumer:log:52 - [CONSUMING] Finished consuming.
2025-04-12 22:27:34.030 | INFO     | __main__:run:113 - [FINISHED] Processing 8034/8038 item, remaning 4/8038 in 7.64 seconds
2025-04-12 22:27:34.031 | INFO     | __main__:run:114 - [SAVE FILE] All item saved to output\MAVEN\MAVEN.test.jsonl
